// Jest Snapshot v1, https://goo.gl/fbAQLP

exports[`That it cannot be closed or opened if it is locked 1`] = `
<DocumentFragment>
  <div
    class="display panel"
  >
    <div
      class="led red-led"
    >
      Locked
    </div>
    <div
      class="led red-led"
    >
      Closed
    </div>
  </div>
</DocumentFragment>
`;
