// Jest Snapshot v1, https://goo.gl/fbAQLP

exports[`if gate defaults to unlocked and open: Lock 1`] = `undefined`;
